\BOOKMARK [0][-]{chapter*.8}{\376\377\000I\000n\000t\000r\000o\000d\000u\000c\000t\000i\000o\000n}{}% 1
\BOOKMARK [0][-]{chapter.1}{\376\377\000I\000n\000d\000u\000s\000t\000r\000i\000a\000l\000\040\000C\000o\000n\000t\000e\000x\000t\000\040\000a\000n\000d\000\040\000S\000t\000a\000t\000e\000\040\000o\000f\000\040\000t\000h\000e\000\040\000A\000r\000t}{}% 2
\BOOKMARK [1][-]{section.1.1}{\376\377\000I\000n\000t\000r\000o\000d\000u\000c\000t\000i\000o\000n}{chapter.1}% 3
\BOOKMARK [1][-]{section.1.2}{\376\377\000I\000n\000d\000u\000s\000t\000r\000i\000a\000l\000\040\000a\000n\000d\000\040\000P\000r\000o\000j\000e\000c\000t\000\040\000C\000o\000n\000t\000e\000x\000t}{chapter.1}% 4
\BOOKMARK [2][-]{subsection.1.2.1}{\376\377\000P\000r\000e\000s\000e\000n\000t\000a\000t\000i\000o\000n\000\040\000o\000f\000\040\000T\000I\000I\000\040\000K\000A\000M\000A\000G}{section.1.2}% 5
\BOOKMARK [2][-]{subsection.1.2.2}{\376\377\000P\000r\000o\000j\000e\000c\000t\000\040\000C\000o\000n\000t\000e\000x\000t\000\040\000a\000n\000d\000\040\000O\000b\000j\000e\000c\000t\000i\000v\000e\000s}{section.1.2}% 6
\BOOKMARK [1][-]{section.1.3}{\376\377\000A\000u\000t\000o\000n\000o\000m\000o\000u\000s\000\040\000Y\000a\000r\000d\000-\000L\000o\000g\000i\000s\000t\000i\000c\000s\000\040\000S\000y\000s\000t\000e\000m}{chapter.1}% 7
\BOOKMARK [2][-]{subsection.1.3.1}{\376\377\000O\000p\000e\000r\000a\000t\000i\000n\000g\000\040\000E\000n\000v\000i\000r\000o\000n\000m\000e\000n\000t\000\040\000a\000n\000d\000\040\000S\000y\000s\000t\000e\000m\000\040\000A\000c\000t\000o\000r\000s}{section.1.3}% 8
\BOOKMARK [2][-]{subsection.1.3.2}{\376\377\000S\000w\000a\000p\000\040\000B\000o\000d\000y\000\040\000T\000r\000a\000n\000s\000f\000e\000r\000\040\000W\000o\000r\000k\000f\000l\000o\000w}{section.1.3}% 9
\BOOKMARK [2][-]{subsection.1.3.3}{\376\377\000O\000p\000e\000r\000a\000t\000i\000o\000n\000a\000l\000\040\000H\000i\000e\000r\000a\000r\000c\000h\000y}{section.1.3}% 10
\BOOKMARK [2][-]{subsection.1.3.4}{\376\377\000M\000i\000s\000s\000i\000o\000n\000\040\000P\000h\000a\000s\000e\000s\000\040\000a\000n\000d\000\040\000T\000r\000a\000n\000s\000f\000e\000r\000\040\000S\000c\000e\000n\000a\000r\000i\000o\000s}{section.1.3}% 11
\BOOKMARK [2][-]{subsection.1.3.5}{\376\377\000S\000y\000s\000t\000e\000m\000\040\000a\000n\000d\000\040\000D\000a\000t\000a\000\040\000A\000r\000c\000h\000i\000t\000e\000c\000t\000u\000r\000e}{section.1.3}% 12
\BOOKMARK [2][-]{subsection.1.3.6}{\376\377\000A\000v\000a\000i\000l\000a\000b\000l\000e\000\040\000D\000a\000t\000a\000\040\000a\000n\000d\000\040\000E\000v\000a\000l\000u\000a\000t\000i\000o\000n\000\040\000C\000o\000n\000s\000t\000r\000a\000i\000n\000t\000s}{section.1.3}% 13
\BOOKMARK [1][-]{section.1.4}{\376\377\000I\000n\000d\000u\000s\000t\000r\000i\000a\000l\000\040\000P\000e\000r\000f\000o\000r\000m\000a\000n\000c\000e\000-\000M\000e\000a\000s\000u\000r\000e\000m\000e\000n\000t\000\040\000P\000r\000o\000b\000l\000e\000m}{chapter.1}% 14
\BOOKMARK [1][-]{section.1.5}{\376\377\000O\000v\000e\000r\000a\000l\000l\000\040\000E\000q\000u\000i\000p\000m\000e\000n\000t\000\040\000E\000f\000f\000e\000c\000t\000i\000v\000e\000n\000e\000s\000s\000\040\000F\000o\000u\000n\000d\000a\000t\000i\000o\000n\000s}{chapter.1}% 15
\BOOKMARK [2][-]{subsection.1.5.1}{\376\377\000O\000r\000i\000g\000i\000n\000s\000\040\000a\000n\000d\000\040\000R\000a\000t\000i\000o\000n\000a\000l\000e\000\040\000o\000f\000\040\000O\000E\000E}{section.1.5}% 16
\BOOKMARK [2][-]{subsection.1.5.2}{\376\377\000A\000v\000a\000i\000l\000a\000b\000i\000l\000i\000t\000y\000,\000\040\000P\000e\000r\000f\000o\000r\000m\000a\000n\000c\000e\000,\000\040\000a\000n\000d\000\040\000Q\000u\000a\000l\000i\000t\000y}{section.1.5}% 17
\BOOKMARK [2][-]{subsection.1.5.3}{\376\377\000F\000i\000x\000e\000d\000-\000C\000y\000c\000l\000e\000\040\000A\000s\000s\000u\000m\000p\000t\000i\000o\000n}{section.1.5}% 18
\BOOKMARK [2][-]{subsection.1.5.4}{\376\377\000T\000h\000e\000\040\000S\000i\000x\000\040\000B\000i\000g\000\040\000L\000o\000s\000s\000e\000s}{section.1.5}% 19
\BOOKMARK [2][-]{subsection.1.5.5}{\376\377\000I\000n\000d\000u\000s\000t\000r\000i\000a\000l\000\040\000S\000t\000a\000n\000d\000a\000r\000d\000s\000\040\000a\000n\000d\000\040\000G\000u\000i\000d\000e\000l\000i\000n\000e\000s}{section.1.5}% 20
\BOOKMARK [1][-]{section.1.6}{\376\377\000O\000E\000E\000\040\000B\000e\000y\000o\000n\000d\000\040\000M\000a\000n\000u\000f\000a\000c\000t\000u\000r\000i\000n\000g}{chapter.1}% 21
\BOOKMARK [2][-]{subsection.1.6.1}{\376\377\000O\000E\000E\000\040\000i\000n\000\040\000L\000o\000g\000i\000s\000t\000i\000c\000s\000\040\000a\000n\000d\000\040\000M\000a\000t\000e\000r\000i\000a\000l\000-\000H\000a\000n\000d\000l\000i\000n\000g\000\040\000S\000y\000s\000t\000e\000m\000s}{section.1.6}% 22
\BOOKMARK [2][-]{subsection.1.6.2}{\376\377\000A\000d\000a\000p\000t\000a\000t\000i\000o\000n\000\040\000o\000f\000\040\000O\000E\000E\000\040\000C\000o\000m\000p\000o\000n\000e\000n\000t\000s\000\040\000t\000o\000\040\000M\000o\000b\000i\000l\000e\000\040\000S\000y\000s\000t\000e\000m\000s}{section.1.6}% 23
\BOOKMARK [2][-]{subsection.1.6.3}{\376\377\000A\000d\000a\000p\000t\000a\000t\000i\000o\000n\000\040\000o\000f\000\040\000t\000h\000e\000\040\000S\000i\000x\000\040\000B\000i\000g\000\040\000L\000o\000s\000s\000e\000s}{section.1.6}% 24
\BOOKMARK [2][-]{subsection.1.6.4}{\376\377\000L\000i\000m\000i\000t\000a\000t\000i\000o\000n\000s\000\040\000o\000f\000\040\000O\000E\000E\000\040\000f\000o\000r\000\040\000A\000u\000t\000o\000n\000o\000m\000o\000u\000s\000\040\000S\000y\000s\000t\000e\000m\000s}{section.1.6}% 25
\BOOKMARK [1][-]{section.1.7}{\376\377\000P\000e\000r\000f\000o\000r\000m\000a\000n\000c\000e\000\040\000M\000e\000a\000s\000u\000r\000e\000m\000e\000n\000t\000\040\000o\000f\000\040\000A\000u\000t\000o\000n\000o\000m\000o\000u\000s\000\040\000V\000e\000h\000i\000c\000l\000e\000s}{chapter.1}% 26
\BOOKMARK [2][-]{subsection.1.7.1}{\376\377\000L\000e\000v\000e\000l\000s\000\040\000o\000f\000\040\000D\000r\000i\000v\000i\000n\000g\000\040\000A\000u\000t\000o\000m\000a\000t\000i\000o\000n}{section.1.7}% 27
\BOOKMARK [2][-]{subsection.1.7.2}{\376\377\000A\000u\000t\000o\000n\000o\000m\000o\000u\000s\000-\000V\000e\000h\000i\000c\000l\000e\000\040\000P\000e\000r\000f\000o\000r\000m\000a\000n\000c\000e\000\040\000M\000e\000t\000r\000i\000c\000s}{section.1.7}% 28
\BOOKMARK [2][-]{subsection.1.7.3}{\376\377\000O\000p\000e\000r\000a\000t\000i\000o\000n\000a\000l\000\040\000D\000e\000s\000i\000g\000n\000\040\000D\000o\000m\000a\000i\000n}{section.1.7}% 29
\BOOKMARK [2][-]{subsection.1.7.4}{\376\377\000O\000D\000D\000,\000\040\000S\000O\000T\000I\000F\000,\000\040\000a\000n\000d\000\040\000P\000e\000r\000f\000o\000r\000m\000a\000n\000c\000e\000\040\000M\000e\000a\000s\000u\000r\000e\000m\000e\000n\000t}{section.1.7}% 30
\BOOKMARK [1][-]{section.1.8}{\376\377\000C\000o\000m\000p\000l\000e\000m\000e\000n\000t\000a\000r\000y\000\040\000P\000e\000r\000f\000o\000r\000m\000a\000n\000c\000e\000\040\000I\000n\000d\000i\000c\000a\000t\000o\000r\000s}{chapter.1}% 31
\BOOKMARK [2][-]{subsection.1.8.1}{\376\377\000R\000e\000l\000i\000a\000b\000i\000l\000i\000t\000y\000\040\000a\000n\000d\000\040\000M\000a\000i\000n\000t\000a\000i\000n\000a\000b\000i\000l\000i\000t\000y\000\040\000M\000e\000t\000r\000i\000c\000s}{section.1.8}% 32
\BOOKMARK [2][-]{subsection.1.8.2}{\376\377\000P\000r\000o\000c\000e\000s\000s\000\040\000C\000a\000p\000a\000b\000i\000l\000i\000t\000y}{section.1.8}% 33
\BOOKMARK [1][-]{section.1.9}{\376\377\000R\000e\000s\000e\000a\000r\000c\000h\000\040\000G\000a\000p\000\040\000a\000n\000d\000\040\000P\000r\000o\000j\000e\000c\000t\000\040\000P\000o\000s\000i\000t\000i\000o\000n\000i\000n\000g}{chapter.1}% 34
\BOOKMARK [1][-]{section.1.10}{\376\377\000P\000r\000o\000j\000e\000c\000t\000\040\000M\000e\000t\000h\000o\000d\000o\000l\000o\000g\000y\000\040\000a\000n\000d\000\040\000W\000o\000r\000k\000\040\000P\000l\000a\000n}{chapter.1}% 35
\BOOKMARK [2][-]{subsection.1.10.1}{\376\377\000D\000e\000v\000e\000l\000o\000p\000m\000e\000n\000t\000\040\000A\000p\000p\000r\000o\000a\000c\000h}{section.1.10}% 36
\BOOKMARK [2][-]{subsection.1.10.2}{\376\377\000P\000r\000o\000j\000e\000c\000t\000\040\000T\000i\000m\000e\000l\000i\000n\000e}{section.1.10}% 37
\BOOKMARK [1][-]{section.1.11}{\376\377\000C\000o\000n\000c\000l\000u\000s\000i\000o\000n}{chapter.1}% 38
\BOOKMARK [0][-]{chapter.2}{\376\377\000D\000e\000s\000i\000g\000n\000\040\000a\000n\000d\000\040\000D\000a\000t\000a\000\040\000A\000r\000c\000h\000i\000t\000e\000c\000t\000u\000r\000e\000\040\000o\000f\000\040\000t\000h\000e\000\040\000P\000r\000o\000p\000o\000s\000e\000d\000\040\000O\000E\000E\000\040\000F\000r\000a\000m\000e\000w\000o\000r\000k}{}% 39
\BOOKMARK [1][-]{section.2.1}{\376\377\000I\000n\000t\000r\000o\000d\000u\000c\000t\000i\000o\000n}{chapter.2}% 40
\BOOKMARK [1][-]{section.2.2}{\376\377\000D\000e\000s\000i\000g\000n\000\040\000P\000r\000i\000n\000c\000i\000p\000l\000e\000s\000\040\000o\000f\000\040\000t\000h\000e\000\040\000A\000d\000a\000p\000t\000e\000d\000\040\000O\000E\000E\000\040\000F\000r\000a\000m\000e\000w\000o\000r\000k}{chapter.2}% 41
\BOOKMARK [1][-]{section.2.3}{\376\377\000T\000h\000e\000\040\000O\000E\000E\000\040\000M\000e\000a\000s\000u\000r\000e\000m\000e\000n\000t\000\040\000U\000n\000i\000t}{chapter.2}% 42
\BOOKMARK [1][-]{section.2.4}{\376\377\000T\000h\000e\000\040\000S\000i\000x\000-\000L\000e\000v\000e\000l\000\040\000T\000i\000m\000e\000\040\000H\000i\000e\000r\000a\000r\000c\000h\000y}{chapter.2}% 43
\BOOKMARK [1][-]{section.2.5}{\376\377\000A\000v\000a\000i\000l\000a\000b\000i\000l\000i\000t\000y}{chapter.2}% 44
\BOOKMARK [1][-]{section.2.6}{\376\377\000P\000e\000r\000f\000o\000r\000m\000a\000n\000c\000e}{chapter.2}% 45
\BOOKMARK [1][-]{section.2.7}{\376\377\000Q\000u\000a\000l\000i\000t\000y}{chapter.2}% 46
\BOOKMARK [1][-]{section.2.8}{\376\377\000T\000h\000e\000\040\000O\000E\000E\000\040\000f\000a\000m\000i\000l\000y\000\040\040\024\000\040\000O\000E\000E\000,\000\040\000G\000E\000E\000,\000\040\000a\000n\000d\000\040\000T\000E\000E\000P}{chapter.2}% 47
\BOOKMARK [1][-]{section.2.9}{\376\377\000O\000D\000D\000\040\000E\000x\000c\000l\000u\000s\000i\000o\000n\000\040\000F\000r\000a\000m\000e\000w\000o\000r\000k\000\040\040\024\000\040\000W\000e\000a\000t\000h\000e\000r\000\040\000O\000D\000D\000,\000\040\000O\000p\000e\000r\000a\000t\000i\000o\000n\000a\000l\000\040\000O\000D\000D\000,\000\040\000a\000n\000d\000\040\000D\000o\000u\000b\000l\000e\000-\000C\000o\000u\000n\000t\000i\000n\000g\000\040\000P\000r\000e\000v\000e\000n\000t\000i\000o\000n}{chapter.2}% 48
\BOOKMARK [2][-]{subsection.2.9.1}{\376\377\000W\000e\000a\000t\000h\000e\000r\000\040\000O\000D\000D}{section.2.9}% 49
\BOOKMARK [2][-]{subsection.2.9.2}{\376\377\000O\000p\000e\000r\000a\000t\000i\000o\000n\000a\000l\000\040\000O\000D\000D}{section.2.9}% 50
\BOOKMARK [2][-]{subsection.2.9.3}{\376\377\000D\000o\000u\000b\000l\000e\000-\000C\000o\000u\000n\000t\000i\000n\000g\000\040\000P\000r\000e\000v\000e\000n\000t\000i\000o\000n}{section.2.9}% 51
\BOOKMARK [1][-]{section.2.10}{\376\377\000O\000p\000e\000r\000a\000t\000i\000o\000n\000a\000l\000\040\000D\000e\000p\000l\000o\000y\000m\000e\000n\000t\000\040\000I\000n\000d\000i\000c\000a\000t\000o\000r\000s}{chapter.2}% 52
\BOOKMARK [2][-]{subsection.2.10.1}{\376\377\000E\000n\000g\000i\000n\000e\000e\000r\000i\000n\000g\000\040\000R\000e\000l\000i\000a\000b\000i\000l\000i\000t\000y\000\040\000M\000e\000t\000r\000i\000c\000s\000\040\040\024\000\040\000M\000T\000B\000F\000,\000\040\000M\000T\000T\000R\000,\000\040\000a\000n\000d\000\040\000F\000a\000i\000l\000u\000r\000e\000\040\000R\000a\000t\000e}{section.2.10}% 53
\BOOKMARK [2][-]{subsection.2.10.2}{\376\377\000P\000r\000o\000c\000e\000s\000s\000-\000q\000u\000a\000l\000i\000t\000y\000\040\000i\000n\000d\000i\000c\000a\000t\000o\000r\000s}{section.2.10}% 54
\BOOKMARK [2][-]{subsection.2.10.3}{\376\377\000H\000u\000m\000a\000n\000\040\000s\000u\000p\000e\000r\000v\000i\000s\000i\000o\000n\000\040\000a\000n\000d\000\040\000a\000u\000t\000o\000n\000o\000m\000y\000\040\000i\000n\000d\000i\000c\000a\000t\000o\000r\000s}{section.2.10}% 55
\BOOKMARK [2][-]{subsection.2.10.4}{\376\377\000C\000a\000p\000a\000c\000i\000t\000y\000\040\000a\000n\000d\000\040\000t\000h\000r\000o\000u\000g\000h\000p\000u\000t\000\040\000i\000n\000d\000i\000c\000a\000t\000o\000r\000s}{section.2.10}% 56
\BOOKMARK [2][-]{subsection.2.10.5}{\376\377\000E\000n\000v\000i\000r\000o\000n\000m\000e\000n\000t\000a\000l\000\040\000i\000n\000f\000l\000u\000e\000n\000c\000e\000\040\000i\000n\000d\000i\000c\000a\000t\000o\000r\000s}{section.2.10}% 57
\BOOKMARK [2][-]{subsection.2.10.6}{\376\377\000E\000x\000e\000c\000u\000t\000i\000o\000n\000-\000t\000i\000m\000e\000\040\000c\000a\000p\000a\000b\000i\000l\000i\000t\000y\000\040\000a\000n\000a\000l\000y\000s\000i\000s}{section.2.10}% 58
\BOOKMARK [1][-]{section.2.11}{\376\377\000I\000n\000d\000u\000s\000t\000r\000i\000a\000l\000\040\000D\000a\000t\000a\000\040\000A\000s\000s\000e\000s\000s\000m\000e\000n\000t\000\040\000a\000n\000d\000\040\000O\000E\000E\000\040\000I\000n\000p\000u\000t\000\040\000A\000v\000a\000i\000l\000a\000b\000i\000l\000i\000t\000y}{chapter.2}% 59
\BOOKMARK [2][-]{subsection.2.11.1}{\376\377\000A\000v\000a\000i\000l\000a\000b\000l\000e\000\040\000I\000n\000d\000u\000s\000t\000r\000i\000a\000l\000\040\000D\000a\000t\000a\000\040\000S\000o\000u\000r\000c\000e\000s}{section.2.11}% 60
\BOOKMARK [3][-]{subsubsection.2.11.1.1}{\376\377\000A\000u\000t\000o\000m\000a\000t\000i\000c\000\040\000d\000a\000t\000a\000s\000e\000t}{subsection.2.11.1}% 61
\BOOKMARK [3][-]{subsubsection.2.11.1.2}{\376\377\000M\000a\000n\000u\000a\000l\000\040\000f\000i\000e\000l\000d\000-\000l\000o\000g\000\040\000d\000a\000t\000a\000s\000e\000t}{subsection.2.11.1}% 62
\BOOKMARK [2][-]{subsection.2.11.2}{\376\377\000A\000v\000a\000i\000l\000a\000b\000i\000l\000i\000t\000y\000\040\000o\000f\000\040\000R\000e\000q\000u\000i\000r\000e\000d\000\040\000O\000E\000E\000\040\000I\000n\000p\000u\000t\000s}{section.2.11}% 63
\BOOKMARK [1][-]{section.2.12}{\376\377\000C\000a\000n\000o\000n\000i\000c\000a\000l\000\040\000D\000a\000t\000a\000\040\000M\000o\000d\000e\000l}{chapter.2}% 64
\BOOKMARK [2][-]{subsection.2.12.1}{\376\377\000P\000u\000r\000p\000o\000s\000e\000\040\000a\000n\000d\000\040\000D\000e\000s\000i\000g\000n\000\040\000O\000b\000j\000e\000c\000t\000i\000v\000e\000s}{section.2.12}% 65
\BOOKMARK [2][-]{subsection.2.12.2}{\376\377\000T\000r\000a\000n\000s\000f\000e\000r\000\040\000a\000s\000\040\000t\000h\000e\000\040\000C\000e\000n\000t\000r\000a\000l\000\040\000O\000p\000e\000r\000a\000t\000i\000o\000n\000a\000l\000\040\000E\000n\000t\000i\000t\000y}{section.2.12}% 66
\BOOKMARK [2][-]{subsection.2.12.3}{\376\377\000S\000u\000p\000p\000o\000r\000t\000i\000n\000g\000\040\000E\000n\000t\000i\000t\000i\000e\000s\000\040\000a\000n\000d\000\040\000R\000e\000l\000a\000t\000i\000o\000n\000s\000h\000i\000p\000s}{section.2.12}% 67
\BOOKMARK [2][-]{subsection.2.12.4}{\376\377\000M\000a\000p\000p\000i\000n\000g\000\040\000t\000o\000\040\000t\000h\000e\000\040\000O\000E\000E\000\040\000D\000i\000m\000e\000n\000s\000i\000o\000n\000s}{section.2.12}% 68
\BOOKMARK [2][-]{subsection.2.12.5}{\376\377\000R\000o\000l\000e\000\040\000a\000s\000\040\000a\000\040\000R\000e\000f\000e\000r\000e\000n\000c\000e\000\040\000D\000a\000t\000a\000\040\000S\000t\000r\000u\000c\000t\000u\000r\000e}{section.2.12}% 69
\BOOKMARK [1][-]{section.2.13}{\376\377\000F\000r\000a\000m\000e\000w\000o\000r\000k\000\040\000S\000u\000m\000m\000a\000r\000y}{chapter.2}% 70
\BOOKMARK [1][-]{section.2.14}{\376\377\000C\000o\000n\000c\000l\000u\000s\000i\000o\000n}{chapter.2}% 71
\BOOKMARK [0][-]{chapter.3}{\376\377\000I\000m\000p\000l\000e\000m\000e\000n\000t\000a\000t\000i\000o\000n\000\040\000a\000n\000d\000\040\000V\000a\000l\000i\000d\000a\000t\000i\000o\000n\000\040\000o\000f\000\040\000t\000h\000e\000\040\000P\000r\000o\000p\000o\000s\000e\000d\000\040\000O\000E\000E\000\040\000F\000r\000a\000m\000e\000w\000o\000r\000k}{}% 72
\BOOKMARK [1][-]{section.3.1}{\376\377\000I\000n\000t\000r\000o\000d\000u\000c\000t\000i\000o\000n}{chapter.3}% 73
\BOOKMARK [1][-]{section.3.2}{\376\377\000D\000a\000t\000a\000\040\000I\000n\000t\000e\000g\000r\000a\000t\000i\000o\000n\000\040\000a\000n\000d\000\040\000M\000o\000d\000e\000l\000\040\000I\000n\000g\000e\000s\000t\000i\000o\000n\000\040\000P\000i\000p\000e\000l\000i\000n\000e}{chapter.3}% 74
\BOOKMARK [2][-]{subsection.3.2.1}{\376\377\000S\000o\000u\000r\000c\000e\000\040\000H\000a\000r\000m\000o\000n\000i\000s\000a\000t\000i\000o\000n\000\040\000a\000n\000d\000\040\000A\000u\000t\000o\000m\000a\000t\000i\000c\000-\000M\000a\000n\000u\000a\000l\000\040\000C\000r\000o\000s\000s\000-\000M\000a\000t\000c\000h\000i\000n\000g}{section.3.2}% 75
\BOOKMARK [2][-]{subsection.3.2.2}{\376\377\000T\000r\000a\000n\000s\000f\000e\000r\000\040\000R\000e\000c\000o\000n\000s\000t\000r\000u\000c\000t\000i\000o\000n\000\040\000a\000n\000d\000\040\000D\000a\000t\000a\000s\000e\000t\000\040\000C\000o\000n\000s\000o\000l\000i\000d\000a\000t\000i\000o\000n}{section.3.2}% 76
\BOOKMARK [2][-]{subsection.3.2.3}{\376\377\000M\000a\000p\000p\000i\000n\000g\000\040\000t\000h\000e\000\040\000C\000o\000n\000s\000o\000l\000i\000d\000a\000t\000e\000d\000\040\000D\000a\000t\000a\000\040\000t\000o\000\040\000t\000h\000e\000\040\000C\000a\000n\000o\000n\000i\000c\000a\000l\000\040\000M\000o\000d\000e\000l}{section.3.2}% 77
\BOOKMARK [2][-]{subsection.3.2.4}{\376\377\000D\000e\000r\000i\000v\000a\000t\000i\000o\000n\000\040\000a\000n\000d\000\040\000C\000o\000n\000f\000i\000g\000u\000r\000a\000t\000i\000o\000n\000\040\000o\000f\000\040\000M\000i\000s\000s\000i\000n\000g\000\040\000O\000E\000E\000\040\000I\000n\000p\000u\000t\000s}{section.3.2}% 78
\BOOKMARK [1][-]{section.3.3}{\376\377\000W\000e\000a\000t\000h\000e\000r\000\040\000D\000a\000t\000a\000\040\000P\000r\000o\000c\000e\000s\000s\000i\000n\000g\000\040\000a\000n\000d\000\040\000O\000D\000D\000\040\000I\000n\000t\000e\000g\000r\000a\000t\000i\000o\000n}{chapter.3}% 79
\BOOKMARK [2][-]{subsection.3.3.1}{\376\377\000W\000e\000a\000t\000h\000e\000r\000\040\000D\000a\000t\000a\000\040\000A\000c\000q\000u\000i\000s\000i\000t\000i\000o\000n\000\040\000a\000n\000d\000\040\000P\000r\000e\000p\000a\000r\000a\000t\000i\000o\000n}{section.3.3}% 80
\BOOKMARK [2][-]{subsection.3.3.2}{\376\377\000H\000o\000u\000r\000l\000y\000\040\000W\000e\000a\000t\000h\000e\000r\000-\000O\000D\000D\000\040\000C\000l\000a\000s\000s\000i\000f\000i\000c\000a\000t\000i\000o\000n}{section.3.3}% 81
\BOOKMARK [2][-]{subsection.3.3.3}{\376\377\000O\000D\000D\000\040\000E\000v\000e\000n\000t\000\040\000G\000e\000n\000e\000r\000a\000t\000i\000o\000n\000\040\000a\000n\000d\000\040\000C\000a\000n\000o\000n\000i\000c\000a\000l\000-\000M\000o\000d\000e\000l\000\040\000I\000n\000t\000e\000g\000r\000a\000t\000i\000o\000n}{section.3.3}% 82
\BOOKMARK [1][-]{section.3.4}{\376\377\000T\000r\000a\000n\000s\000f\000e\000r\000-\000L\000e\000v\000e\000l\000\040\000M\000e\000t\000r\000i\000c\000s\000\040\000a\000n\000d\000\040\000R\000e\000p\000o\000r\000t\000i\000n\000g\000\040\000E\000n\000g\000i\000n\000e}{chapter.3}% 83
\BOOKMARK [2][-]{subsection.3.4.1}{\376\377\000T\000i\000m\000e\000-\000H\000i\000e\000r\000a\000r\000c\000h\000y\000\040\000C\000o\000m\000p\000u\000t\000a\000t\000i\000o\000n}{section.3.4}% 84
\BOOKMARK [2][-]{subsection.3.4.2}{\376\377\000O\000E\000E\000\040\000F\000a\000c\000t\000o\000r\000\040\000C\000o\000m\000p\000u\000t\000a\000t\000i\000o\000n}{section.3.4}% 85
\BOOKMARK [2][-]{subsection.3.4.3}{\376\377\000R\000e\000l\000i\000a\000b\000i\000l\000i\000t\000y\000\040\000a\000n\000d\000\040\000P\000r\000o\000c\000e\000s\000s\000-\000Q\000u\000a\000l\000i\000t\000y\000\040\000I\000n\000d\000i\000c\000a\000t\000o\000r\000s}{section.3.4}% 86
\BOOKMARK [2][-]{subsection.3.4.4}{\376\377\000E\000x\000e\000c\000u\000t\000i\000o\000n\000-\000T\000i\000m\000e\000\040\000D\000i\000s\000t\000r\000i\000b\000u\000t\000i\000o\000n\000\040\000a\000n\000d\000\040\000C\000a\000p\000a\000b\000i\000l\000i\000t\000y}{section.3.4}% 87
\BOOKMARK [2][-]{subsection.3.4.5}{\376\377\000O\000E\000E\000\040\000F\000a\000m\000i\000l\000y\000\040\000a\000n\000d\000\040\000R\000e\000p\000o\000r\000t\000i\000n\000g\000\040\000O\000u\000t\000p\000u\000t\000s}{section.3.4}% 88
\BOOKMARK [1][-]{section.3.5}{\376\377\000M\000i\000s\000s\000i\000o\000n\000-\000P\000h\000a\000s\000e\000\040\000D\000i\000a\000g\000n\000o\000s\000t\000i\000c\000\040\000E\000x\000t\000e\000n\000s\000i\000o\000n}{chapter.3}% 89
\BOOKMARK [2][-]{subsection.3.5.1}{\376\377\000M\000i\000s\000s\000i\000o\000n\000-\000P\000h\000a\000s\000e\000\040\000D\000a\000t\000a\000\040\000S\000t\000r\000u\000c\000t\000u\000r\000e}{section.3.5}% 90
\BOOKMARK [2][-]{subsection.3.5.2}{\376\377\000M\000i\000s\000s\000i\000o\000n\000-\000P\000h\000a\000s\000e\000\040\000R\000e\000f\000e\000r\000e\000n\000c\000e\000\040\000a\000n\000d\000\040\000N\000o\000m\000i\000n\000a\000l\000\040\000D\000u\000r\000a\000t\000i\000o\000n\000s}{section.3.5}% 91
\BOOKMARK [2][-]{subsection.3.5.3}{\376\377\000C\000o\000n\000s\000t\000r\000u\000c\000t\000i\000o\000n\000\040\000o\000f\000\040\000t\000h\000e\000\040\000S\000y\000n\000t\000h\000e\000t\000i\000c\000\040\000M\000i\000s\000s\000i\000o\000n\000-\000P\000h\000a\000s\000e\000\040\000D\000a\000t\000a\000s\000e\000t}{section.3.5}% 92
\BOOKMARK [2][-]{subsection.3.5.4}{\376\377\000P\000h\000a\000s\000e\000-\000L\000e\000v\000e\000l\000\040\000D\000i\000a\000g\000n\000o\000s\000t\000i\000c\000\040\000M\000e\000t\000r\000i\000c\000s}{section.3.5}% 93
\BOOKMARK [2][-]{subsection.3.5.5}{\376\377\000P\000h\000a\000s\000e\000\040\000E\000x\000e\000c\000u\000t\000i\000o\000n\000-\000T\000i\000m\000e\000\040\000C\000a\000p\000a\000b\000i\000l\000i\000t\000y}{section.3.5}% 94
\BOOKMARK [1][-]{section.3.6}{\376\377\000V\000a\000l\000i\000d\000a\000t\000i\000o\000n\000\040\000A\000p\000p\000r\000o\000a\000c\000h}{chapter.3}% 95
\BOOKMARK [2][-]{subsection.3.6.1}{\376\377\000V\000a\000l\000i\000d\000a\000t\000i\000o\000n\000\040\000C\000h\000e\000c\000k\000s}{section.3.6}% 96
\BOOKMARK [1][-]{section.3.7}{\376\377\000C\000o\000n\000t\000r\000o\000l\000l\000e\000d\000\040\000S\000y\000n\000t\000h\000e\000t\000i\000c\000\040\000V\000a\000l\000i\000d\000a\000t\000i\000o\000n}{chapter.3}% 97
\BOOKMARK [2][-]{subsection.3.7.1}{\376\377\000S\000y\000n\000t\000h\000e\000t\000i\000c\000\040\000D\000a\000t\000a\000\040\000G\000e\000n\000e\000r\000a\000t\000o\000r\000\040\000a\000n\000d\000\040\000V\000a\000l\000i\000d\000a\000t\000i\000o\000n\000\040\000P\000r\000o\000f\000i\000l\000e\000s}{section.3.7}% 98
\BOOKMARK [2][-]{subsection.3.7.2}{\376\377\000C\000r\000o\000s\000s\000-\000P\000r\000o\000f\000i\000l\000e\000\040\000C\000o\000m\000p\000a\000r\000i\000s\000o\000n}{section.3.7}% 99
\BOOKMARK [2][-]{subsection.3.7.3}{\376\377\000D\000o\000w\000n\000t\000i\000m\000e\000\040\000D\000i\000a\000g\000n\000o\000s\000i\000s\000\040\000A\000c\000r\000o\000s\000s\000\040\000t\000h\000e\000\040\000V\000a\000l\000i\000d\000a\000t\000i\000o\000n\000\040\000P\000r\000o\000f\000i\000l\000e\000s}{section.3.7}% 100
\BOOKMARK [2][-]{subsection.3.7.4}{\376\377\000F\000a\000c\000t\000o\000r\000\040\000S\000e\000n\000s\000i\000t\000i\000v\000i\000t\000y\000\040\000C\000h\000e\000c\000k}{section.3.7}% 101
\BOOKMARK [1][-]{section.3.8}{\376\377\000M\000i\000s\000s\000i\000o\000n\000-\000P\000h\000a\000s\000e\000\040\000D\000i\000a\000g\000n\000o\000s\000t\000i\000c\000\040\000V\000a\000l\000i\000d\000a\000t\000i\000o\000n}{chapter.3}% 102
\BOOKMARK [2][-]{subsection.3.8.1}{\376\377\000C\000o\000n\000t\000r\000o\000l\000l\000e\000d\000\040\000P\000h\000a\000s\000e\000-\000L\000e\000v\000e\000l\000\040\000D\000a\000t\000a\000s\000e\000t\000s}{section.3.8}% 103
\BOOKMARK [2][-]{subsection.3.8.2}{\376\377\000P\000h\000a\000s\000e\000\040\000A\000v\000a\000i\000l\000a\000b\000i\000l\000i\000t\000y\000\040\000R\000e\000s\000p\000o\000n\000s\000e}{section.3.8}% 104
\BOOKMARK [2][-]{subsection.3.8.3}{\376\377\000P\000h\000a\000s\000e\000\040\000Q\000u\000a\000l\000i\000t\000y\000\040\000R\000e\000s\000p\000o\000n\000s\000e}{section.3.8}% 105
\BOOKMARK [2][-]{subsection.3.8.4}{\376\377\000P\000h\000a\000s\000e\000\040\000P\000e\000r\000f\000o\000r\000m\000a\000n\000c\000e\000\040\000R\000e\000s\000p\000o\000n\000s\000e}{section.3.8}% 106
\BOOKMARK [2][-]{subsection.3.8.5}{\376\377\000D\000i\000a\000g\000n\000o\000s\000t\000i\000c\000\040\000P\000h\000a\000s\000e\000\040\000E\000f\000f\000e\000c\000t\000i\000v\000e\000n\000e\000s\000s}{section.3.8}% 107
\BOOKMARK [1][-]{section.3.9}{\376\377\000D\000i\000s\000c\000u\000s\000s\000i\000o\000n\000\040\000a\000n\000d\000\040\000L\000i\000m\000i\000t\000a\000t\000i\000o\000n\000s}{chapter.3}% 108
\BOOKMARK [2][-]{subsection.3.9.1}{\376\377\000O\000v\000e\000r\000a\000l\000l\000\040\000F\000i\000n\000d\000i\000n\000g\000s\000\040\000a\000n\000d\000\040\000R\000o\000o\000t\000-\000C\000a\000u\000s\000e\000\040\000S\000y\000n\000t\000h\000e\000s\000i\000s}{section.3.9}% 109
\BOOKMARK [2][-]{subsection.3.9.2}{\376\377\000L\000i\000m\000i\000t\000a\000t\000i\000o\000n\000s\000\040\000a\000n\000d\000\040\000F\000u\000t\000u\000r\000e\000\040\000D\000a\000t\000a\000\040\000R\000e\000q\000u\000i\000r\000e\000m\000e\000n\000t\000s}{section.3.9}% 110
\BOOKMARK [3][-]{subsubsection.3.9.2.1}{\376\377\000D\000a\000t\000a\000\040\000C\000o\000m\000p\000l\000e\000t\000e\000n\000e\000s\000s}{subsection.3.9.2}% 111
\BOOKMARK [3][-]{subsubsection.3.9.2.2}{\376\377\000T\000e\000l\000e\000m\000e\000t\000r\000y\000\040\000a\000n\000d\000\040\000M\000e\000a\000s\000u\000r\000e\000m\000e\000n\000t}{subsection.3.9.2}% 112
\BOOKMARK [3][-]{subsubsection.3.9.2.3}{\376\377\000L\000o\000s\000s\000\040\000C\000l\000a\000s\000s\000i\000f\000i\000c\000a\000t\000i\000o\000n}{subsection.3.9.2}% 113
\BOOKMARK [3][-]{subsubsection.3.9.2.4}{\376\377\000F\000u\000t\000u\000r\000e\000\040\000D\000a\000t\000a\000\040\000R\000e\000q\000u\000i\000r\000e\000m\000e\000n\000t\000s}{subsection.3.9.2}% 114
\BOOKMARK [2][-]{subsection.3.9.3}{\376\377\000T\000r\000a\000n\000s\000f\000e\000r\000a\000b\000i\000l\000i\000t\000y\000\040\000t\000o\000\040\000O\000t\000h\000e\000r\000\040\000E\000n\000v\000i\000r\000o\000n\000m\000e\000n\000t\000s}{section.3.9}% 115
\BOOKMARK [1][-]{section.3.10}{\376\377\000C\000o\000n\000c\000l\000u\000s\000i\000o\000n}{chapter.3}% 116
\BOOKMARK [0][-]{chapter*.85}{\376\377\000G\000e\000n\000e\000r\000a\000l\000\040\000C\000o\000n\000c\000l\000u\000s\000i\000o\000n}{}% 117
\BOOKMARK [0][-]{section*.86}{\376\377\000B\000i\000b\000l\000i\000o\000g\000r\000a\000p\000h\000y}{}% 118
